01:10:07.402461 TTCN-3 Parallel Test Component started on framework-dathe. Component reference: DENM Trigger(3), component type: LibItsDenm_TestSystem.ItsDenm, component name: DENM Trigger. Version: 10.1.2.
01:10:07.402614 TTCN Logger v2.2 options: TimeStampFormat:=Time; LogEntityName:=No; LogEventTypes:=No; SourceInfoFormat:=None; LogSensitiveData:=No; *.FileMask:=LOG_ALL; *.ConsoleMask:=ERROR | EXECUTOR | VERDICTOP | WARNING; LogFileSize:=0; LogFileNumber:=1; DiskFullAction:=Error
01:10:07.403138 Connected to MC.
01:10:07.403215 Initializing variables, timers and ports of component type LibItsDenm_TestSystem.ItsDenm inside testcase TC_SEC_ITSS_SND_DENM_01_BV.
01:10:07.403563 Port syncSendPort was started.
01:10:07.403601 Port syncPort was started.
01:10:07.403645 Port acPort was started.
01:10:07.403659 Port utPort was started.
01:10:07.403667 Port denmPort was started.
01:10:07.403674 Component type LibItsDenm_TestSystem.ItsDenm was initialized.
01:10:07.404464 Starting function fb_secTriggerDenmEvent().
01:10:07.404650 >>> fb_secTriggerDenmEvent: { informationQuality := 0, eventType := { ccAndScc := { vehicleBreakdown91 := 0 } }, linkedCause := omit, eventZone := omit, linkedDenms := omit, eventEnd := omit }
01:10:07.404760 Mapping port DENM Trigger(3):utPort to system:denmUtPort.
01:10:07.404990 Port utPort was mapped to system:denmUtPort.
01:10:07.405401 Map operation of DENM Trigger(3):utPort to system:denmUtPort finished.
01:10:07.405445 Altstep a_utDefault was activated as default, id 1
01:10:07.405467 *** f_getCurrentTime: INFO: calling fx_getCurrentTime() ***
01:10:07.405461 fb_secTriggerDenmEvent: Call LibItsDenm_Functions.f_utTriggerEvent with { detectionTime := 716425807405, validityDuration := 600, repetitionDuration := omit, situation := { informationQuality := 0, eventType := { ccAndScc := { vehicleBreakdown91 := 0 } }, linkedCause := omit, eventZone := omit, linkedDenms := omit, eventEnd := omit }, awarenessDistance := lessThan50m (0), trafficDirection := allTrafficDirections (0), transmissionInterval := omit, repetitionInterval := omit, alacarte := omit }
01:10:07.405957 *** f_getCurrentTime: INFO: calling fx_getCurrentTime() ***
01:10:07.406067 Sent on utPort to system @LibItsDenm_TypesAndValues.UtDenmTrigger : { detectionTime := 716425807405, validityDuration := 600, repetitionDuration := omit, situation := { informationQuality := 0, eventType := { ccAndScc := { vehicleBreakdown91 := 0 } }, linkedCause := omit, eventZone := omit, linkedDenms := omit, eventEnd := omit }, awarenessDistance := lessThan50m (0), trafficDirection := allTrafficDirections (0), transmissionInterval := omit, repetitionInterval := omit, alacarte := omit }
01:10:07.406681 Message enqueued on utPort from system @LibItsDenm_TypesAndValues.UtDenmResults : { utDenmTriggerResult := { result := true, actionId := { originatingStationId := 42, sequenceNumber := 1 } } } id 1
01:10:07.406753 Start timer tc_wait: 120 s
01:10:07.406804 Receive operation on port utPort succeeded, message from system(): @LibItsDenm_TypesAndValues.UtDenmResults : { utDenmTriggerResult := { result := true, actionId := { originatingStationId := 42, sequenceNumber := 1 } } } id 1
01:10:07.406819 Message with id 1 was extracted from the queue of utPort.
01:10:07.406829 Stop timer tc_wait: 120 s
01:10:07.406851 fb_secTriggerDenmEvent: actionId={ originatingStationId := 42, sequenceNumber := 1 }
01:10:07.406874 Unmapping port DENM Trigger(3):utPort from system:denmUtPort.
01:10:07.407183 Port utPort was unmapped from system:denmUtPort.
01:10:07.407449 Unmap operation of DENM Trigger(3):utPort from system:denmUtPort finished.
01:10:07.407506 Function fb_secTriggerDenmEvent finished. PTC remains alive and is waiting for next start.
01:10:07.499683 Starting function fb_secCancelDenmEvent().
01:10:07.499823 >>> fb_secCancelDenmEvent
01:10:07.499842 Mapping port DENM Trigger(3):utPort to system:denmUtPort.
01:10:07.500183 Port utPort was mapped to system:denmUtPort.
01:10:07.500550 Map operation of DENM Trigger(3):utPort to system:denmUtPort finished.
01:10:07.500570 Altstep a_utDefault was activated as default, id 2
01:10:07.500609 Sent on utPort to system @LibItsDenm_TypesAndValues.UtDenmTermination : { actionId := { originatingStationId := 42, sequenceNumber := 1 } }
01:10:07.500621 Message enqueued on utPort from system @LibItsDenm_TypesAndValues.UtDenmResults : { utDenmTerminationResult := true } id 2
01:10:07.500630 Start timer tc_wait: 120 s
01:10:07.500647 Receive operation on port utPort succeeded, message from system(): @LibItsDenm_TypesAndValues.UtDenmResults : { utDenmTerminationResult := true } id 2
01:10:07.500655 Message with id 2 was extracted from the queue of utPort.
01:10:07.500661 Stop timer tc_wait: 120 s
01:10:07.500668 Unmapping port DENM Trigger(3):utPort from system:denmUtPort.
01:10:07.500807 Port utPort was unmapped from system:denmUtPort.
01:10:07.501002 Unmap operation of DENM Trigger(3):utPort from system:denmUtPort finished.
01:10:07.501022 Default with id 2 (altstep a_utDefault) was deactivated.
01:10:07.501030 Function fb_secCancelDenmEvent finished. PTC remains alive and is waiting for next start.
01:10:07.501389 Kill was requested from MC. Terminating idle PTC.
01:10:07.501404 Terminating component type LibItsDenm_TestSystem.ItsDenm.
01:10:07.501411 Default with id 1 (altstep a_utDefault) was deactivated.
01:10:07.501419 Port syncSendPort was stopped.
01:10:07.501427 Port syncPort was stopped.
01:10:07.501432 Port acPort was stopped.
01:10:07.501437 Port utPort was stopped.
01:10:07.501442 Port denmPort was stopped.
01:10:07.501446 Component type LibItsDenm_TestSystem.ItsDenm was shut down inside testcase TC_SEC_ITSS_SND_DENM_01_BV.
01:10:07.501480 Final verdict of PTC: none
01:10:07.501920 Disconnected from MC.
01:10:07.501978 TTCN-3 Parallel Test Component finished.
