16:00:28.331940 TTCN-3 Main Test Component started on framework-dathe. Version: 10.1.2.
16:00:28.332013 TTCN Logger v2.2 options: TimeStampFormat:=Time; LogEntityName:=No; LogEventTypes:=No; SourceInfoFormat:=None; LogSensitiveData:=No; *.FileMask:=LOG_ALL; *.ConsoleMask:=ERROR | EXECUTOR | VERDICTOP | WARNING; LogFileSize:=0; LogFileNumber:=1; DiskFullAction:=Error
16:00:28.332146 Connected to MC.
16:00:28.332818 Executing control part of module ItsBtp_TestControl.
16:00:28.332885 Execution of control part in module ItsBtp_TestControl started.
16:00:28.332952 Test case TC_BTP_PGA_BV_01 started.
16:00:28.332976 Initializing variables, timers and ports of component type LibItsBtp_TestSystem.ItsBtp inside testcase TC_BTP_PGA_BV_01.
16:00:28.333046 Port syncSendPort was started.
16:00:28.333055 Port syncPort was started.
16:00:28.333060 Port utPort was started.
16:00:28.333063 Port btpPort was started.
16:00:28.333065 Component type LibItsBtp_TestSystem.ItsBtp was initialized.
16:00:28.333077 Mapping port mtc:utPort to system:utPort.
16:00:28.333242 Port utPort was mapped to system:utPort.
16:00:28.333313 Map operation of mtc:utPort to system:utPort finished.
16:00:28.333336 Mapping port mtc:btpPort to system:btpPort.
16:00:28.333386 Port btpPort was mapped to system:btpPort.
16:00:28.333505 Map operation of mtc:btpPort to system:btpPort finished.
16:00:28.333527 Connecting ports mtc:syncSendPort and mtc:syncPort.
16:00:28.333595 Port syncPort has established the connection with local port syncSendPort.
16:00:28.333621 Port syncSendPort has established the connection with local port syncPort.
16:00:28.333727 Connect operation on mtc:syncSendPort and mtc:syncPort finished.
16:00:28.333774 Sent on utPort to system @LibItsBtp_TypesAndValues.UtBtpInitialize : { hashedId8 := '0000000000000000'O }
16:00:28.336015 Message enqueued on utPort from system @LibItsBtp_TypesAndValues.UtBtpResults : { utBtpInitializeResult := true } id 1
16:00:28.336076 Start timer tc_wait: 120 s
16:00:28.336091 Receive operation on port utPort succeeded, message from system(): @LibItsBtp_TypesAndValues.UtBtpResults : { utBtpInitializeResult := true } id 1
16:00:28.336098 Message with id 1 was extracted from the queue of utPort.
16:00:28.336101 Stop timer tc_wait: 120 s
16:00:28.336104 *** f_utInitializeIut: INFO: IUT initialized ***
16:00:28.336108 Altstep a_default was activated as default, id 1
16:00:28.336113 Altstep a_utDefault was activated as default, id 2
16:00:28.336123 **** f_selfSync: Successfully passed PREAMBLE synchronization point. ****
16:00:28.336137 Sent on utPort to system @LibItsBtp_TypesAndValues.UtBtpTrigger : { btpA := { btpAHeader := { destinationPort := 2009, sourcePort := 1234 } } }
16:00:28.336391 Message enqueued on btpPort from system @LibItsBtp_TypesAndValues.BtpInd : { msgIn := { header := { btpAHeader := { destinationPort := 2009, sourcePort := 1234 } }, payload := '00'O } } id 1
16:00:28.336414 Message enqueued on utPort from system @LibItsBtp_TypesAndValues.UtBtpResults : { utBtpTriggerResult := true } id 2
16:00:28.336421 Receive operation on port utPort succeeded, message from system(): @LibItsBtp_TypesAndValues.UtBtpResults : { utBtpTriggerResult := true } id 2
16:00:28.336426 Message with id 2 was extracted from the queue of utPort.
16:00:28.336429 Warning: Stopping inactive timer tc_wait.
16:00:28.336496 Start timer tc_ac: 30 s
16:00:28.336514 Receive operation on port btpPort succeeded, message from system(): @LibItsBtp_TypesAndValues.BtpInd : { msgIn := { header := { btpAHeader := { destinationPort := 2009, sourcePort := 1234 } }, payload := '00'O } } id 1
16:00:28.336519 Message with id 1 was extracted from the queue of btpPort.
16:00:28.336523 Stop timer tc_ac: 30 s
16:00:28.336527 *** TC_BTP_PGA_BV_01: PASS: BTP-A packet correclty received ***
16:00:28.336532 setverdict(pass): none -> pass
16:00:28.336553 **** f_selfSync: Successfully passed TEST BODY synchronization point. ****
16:00:28.336556 Unmapping port mtc:utPort from system:utPort.
16:00:28.336698 Port utPort was unmapped from system:utPort.
16:00:28.336790 Unmap operation of mtc:utPort from system:utPort finished.
16:00:28.336814 Unmapping port mtc:btpPort from system:btpPort.
16:00:28.336948 Port btpPort was unmapped from system:btpPort.
16:00:28.337004 Unmap operation of mtc:btpPort from system:btpPort finished.
16:00:28.337012 Disconnecting ports mtc:syncSendPort and mtc:syncPort.
16:00:28.337058 Port syncSendPort has terminated the connection with local port syncPort.
16:00:28.337064 Port syncPort has terminated the connection with local port syncSendPort.
16:00:28.337179 Disconnect operation on mtc:syncSendPort and mtc:syncPort finished.
16:00:28.337192 Terminating component type LibItsBtp_TestSystem.ItsBtp.
16:00:28.337200 Default with id 1 (altstep a_default) was deactivated.
16:00:28.337206 Default with id 2 (altstep a_utDefault) was deactivated.
16:00:28.337210 Port syncSendPort was stopped.
16:00:28.337215 Port syncPort was stopped.
16:00:28.337218 Port utPort was stopped.
16:00:28.337220 Port btpPort was stopped.
16:00:28.337223 Component type LibItsBtp_TestSystem.ItsBtp was shut down inside testcase TC_BTP_PGA_BV_01.
16:00:28.337227 Waiting for PTCs to finish.
16:00:28.337317 Setting final verdict of the test case.
16:00:28.337345 Local verdict of MTC: pass
16:00:28.337359 No PTCs were created.
16:00:28.337369 Test case TC_BTP_PGA_BV_01 finished. Verdict: pass
16:00:28.337393 Test case TC_BTP_PGB_BV_01 started.
16:00:28.337402 Initializing variables, timers and ports of component type LibItsBtp_TestSystem.ItsBtp inside testcase TC_BTP_PGB_BV_01.
16:00:28.337424 Port syncSendPort was started.
16:00:28.337431 Port syncPort was started.
16:00:28.337434 Port utPort was started.
16:00:28.337437 Port btpPort was started.
16:00:28.337440 Component type LibItsBtp_TestSystem.ItsBtp was initialized.
16:00:28.337444 Mapping port mtc:utPort to system:utPort.
16:00:28.337725 Port utPort was mapped to system:utPort.
16:00:28.337835 Map operation of mtc:utPort to system:utPort finished.
16:00:28.337874 Mapping port mtc:btpPort to system:btpPort.
16:00:28.338055 Port btpPort was mapped to system:btpPort.
16:00:28.338120 Map operation of mtc:btpPort to system:btpPort finished.
16:00:28.338128 Connecting ports mtc:syncSendPort and mtc:syncPort.
16:00:28.338204 Port syncPort has established the connection with local port syncSendPort.
16:00:28.338211 Port syncSendPort has established the connection with local port syncPort.
16:00:28.338368 Connect operation on mtc:syncSendPort and mtc:syncPort finished.
16:00:28.338394 Sent on utPort to system @LibItsBtp_TypesAndValues.UtBtpInitialize : { hashedId8 := '0000000000000000'O }
16:00:28.338520 Message enqueued on utPort from system @LibItsBtp_TypesAndValues.UtBtpResults : { utBtpInitializeResult := true } id 1
16:00:28.338534 Start timer tc_wait: 120 s
16:00:28.338547 Receive operation on port utPort succeeded, message from system(): @LibItsBtp_TypesAndValues.UtBtpResults : { utBtpInitializeResult := true } id 1
16:00:28.338553 Message with id 1 was extracted from the queue of utPort.
16:00:28.338558 Stop timer tc_wait: 120 s
16:00:28.338562 *** f_utInitializeIut: INFO: IUT initialized ***
16:00:28.338566 Altstep a_default was activated as default, id 1
16:00:28.338572 Altstep a_utDefault was activated as default, id 2
16:00:28.338577 **** f_selfSync: Successfully passed PREAMBLE synchronization point. ****
16:00:28.338590 Sent on utPort to system @LibItsBtp_TypesAndValues.UtBtpTrigger : { btpB := { btpBHeader := { destinationPort := 2009, destinationPortInfo := 43981 } } }
16:00:28.338716 Message enqueued on btpPort from system @LibItsBtp_TypesAndValues.BtpInd : { msgIn := { header := { btpBHeader := { destinationPort := 2009, destinationPortInfo := 43981 } }, payload := '00'O } } id 1
16:00:28.338729 Message enqueued on utPort from system @LibItsBtp_TypesAndValues.UtBtpResults : { utBtpTriggerResult := true } id 2
16:00:28.338735 Receive operation on port utPort succeeded, message from system(): @LibItsBtp_TypesAndValues.UtBtpResults : { utBtpTriggerResult := true } id 2
16:00:28.338740 Message with id 2 was extracted from the queue of utPort.
16:00:28.338760 Warning: Stopping inactive timer tc_wait.
16:00:28.338798 Start timer tc_ac: 30 s
16:00:28.338820 Receive operation on port btpPort succeeded, message from system(): @LibItsBtp_TypesAndValues.BtpInd : { msgIn := { header := { btpBHeader := { destinationPort := 2009, destinationPortInfo := 43981 } }, payload := '00'O } } id 1
16:00:28.338827 Message with id 1 was extracted from the queue of btpPort.
16:00:28.338832 Stop timer tc_ac: 30 s
16:00:28.338836 *** TC_BTP_PGB_BV_01: PASS: BTP-B packet correclty received ***
16:00:28.338840 setverdict(pass): none -> pass
16:00:28.338855 **** f_selfSync: Successfully passed TEST BODY synchronization point. ****
16:00:28.338859 Unmapping port mtc:utPort from system:utPort.
16:00:28.339121 Port utPort was unmapped from system:utPort.
16:00:28.339288 Unmap operation of mtc:utPort from system:utPort finished.
16:00:28.339341 Unmapping port mtc:btpPort from system:btpPort.
16:00:28.339469 Port btpPort was unmapped from system:btpPort.
16:00:28.339630 Unmap operation of mtc:btpPort from system:btpPort finished.
16:00:28.339644 Disconnecting ports mtc:syncSendPort and mtc:syncPort.
16:00:28.339787 Port syncSendPort has terminated the connection with local port syncPort.
16:00:28.339828 Port syncPort has terminated the connection with local port syncSendPort.
16:00:28.340014 Disconnect operation on mtc:syncSendPort and mtc:syncPort finished.
16:00:28.340069 Terminating component type LibItsBtp_TestSystem.ItsBtp.
16:00:28.340091 Default with id 1 (altstep a_default) was deactivated.
16:00:28.340099 Default with id 2 (altstep a_utDefault) was deactivated.
16:00:28.340104 Port syncSendPort was stopped.
16:00:28.340110 Port syncPort was stopped.
16:00:28.340114 Port utPort was stopped.
16:00:28.340118 Port btpPort was stopped.
16:00:28.340120 Component type LibItsBtp_TestSystem.ItsBtp was shut down inside testcase TC_BTP_PGB_BV_01.
16:00:28.340124 Waiting for PTCs to finish.
16:00:28.340333 Setting final verdict of the test case.
16:00:28.340364 Local verdict of MTC: pass
16:00:28.340380 No PTCs were created.
16:00:28.340390 Test case TC_BTP_PGB_BV_01 finished. Verdict: pass
16:00:28.340406 Test case TC_BTP_PGB_BV_02 started.
16:00:28.340413 Initializing variables, timers and ports of component type LibItsBtp_TestSystem.ItsBtp inside testcase TC_BTP_PGB_BV_02.
16:00:28.340437 Port syncSendPort was started.
16:00:28.340445 Port syncPort was started.
16:00:28.340450 Port utPort was started.
16:00:28.340455 Port btpPort was started.
16:00:28.340459 Component type LibItsBtp_TestSystem.ItsBtp was initialized.
16:00:28.340468 Mapping port mtc:utPort to system:utPort.
16:00:28.340618 Port utPort was mapped to system:utPort.
16:00:28.340794 Map operation of mtc:utPort to system:utPort finished.
16:00:28.340815 Mapping port mtc:btpPort to system:btpPort.
16:00:28.340926 Port btpPort was mapped to system:btpPort.
16:00:28.341026 Map operation of mtc:btpPort to system:btpPort finished.
16:00:28.341038 Connecting ports mtc:syncSendPort and mtc:syncPort.
16:00:28.341139 Port syncPort has established the connection with local port syncSendPort.
16:00:28.341152 Port syncSendPort has established the connection with local port syncPort.
16:00:28.341277 Connect operation on mtc:syncSendPort and mtc:syncPort finished.
16:00:28.341301 Sent on utPort to system @LibItsBtp_TypesAndValues.UtBtpInitialize : { hashedId8 := '0000000000000000'O }
16:00:28.341468 Message enqueued on utPort from system @LibItsBtp_TypesAndValues.UtBtpResults : { utBtpInitializeResult := true } id 1
16:00:28.341486 Start timer tc_wait: 120 s
16:00:28.341504 Receive operation on port utPort succeeded, message from system(): @LibItsBtp_TypesAndValues.UtBtpResults : { utBtpInitializeResult := true } id 1
16:00:28.341511 Message with id 1 was extracted from the queue of utPort.
16:00:28.341516 Stop timer tc_wait: 120 s
16:00:28.341520 *** f_utInitializeIut: INFO: IUT initialized ***
16:00:28.341524 Altstep a_default was activated as default, id 1
16:00:28.341529 Altstep a_utDefault was activated as default, id 2
16:00:28.341534 **** f_selfSync: Successfully passed PREAMBLE synchronization point. ****
16:00:28.341563 Sent on utPort to system @LibItsBtp_TypesAndValues.UtBtpTrigger : { btpB := { btpBHeader := { destinationPort := 2009, destinationPortInfo := 0 } } }
16:00:28.341785 Message enqueued on btpPort from system @LibItsBtp_TypesAndValues.BtpInd : { msgIn := { header := { btpBHeader := { destinationPort := 2009, destinationPortInfo := 0 } }, payload := '00'O } } id 1
16:00:28.341803 Message enqueued on utPort from system @LibItsBtp_TypesAndValues.UtBtpResults : { utBtpTriggerResult := true } id 2
16:00:28.341809 Receive operation on port utPort succeeded, message from system(): @LibItsBtp_TypesAndValues.UtBtpResults : { utBtpTriggerResult := true } id 2
16:00:28.341813 Message with id 2 was extracted from the queue of utPort.
16:00:28.341817 Warning: Stopping inactive timer tc_wait.
16:00:28.341854 Start timer tc_ac: 30 s
16:00:28.341870 Receive operation on port btpPort succeeded, message from system(): @LibItsBtp_TypesAndValues.BtpInd : { msgIn := { header := { btpBHeader := { destinationPort := 2009, destinationPortInfo := 0 } }, payload := '00'O } } id 1
16:00:28.341876 Message with id 1 was extracted from the queue of btpPort.
16:00:28.341880 Stop timer tc_ac: 30 s
16:00:28.341884 *** TC_BTP_PGB_BV_02: PASS: BTP-B packet correclty received ***
16:00:28.341887 setverdict(pass): none -> pass
16:00:28.341899 **** f_selfSync: Successfully passed TEST BODY synchronization point. ****
16:00:28.341902 Unmapping port mtc:utPort from system:utPort.
16:00:28.342048 Port utPort was unmapped from system:utPort.
16:00:28.342222 Unmap operation of mtc:utPort from system:utPort finished.
16:00:28.342278 Unmapping port mtc:btpPort from system:btpPort.
16:00:28.342381 Port btpPort was unmapped from system:btpPort.
16:00:28.342497 Unmap operation of mtc:btpPort from system:btpPort finished.
16:00:28.342506 Disconnecting ports mtc:syncSendPort and mtc:syncPort.
16:00:28.342597 Port syncSendPort has terminated the connection with local port syncPort.
16:00:28.342604 Port syncPort has terminated the connection with local port syncSendPort.
16:00:28.342694 Disconnect operation on mtc:syncSendPort and mtc:syncPort finished.
16:00:28.342708 Terminating component type LibItsBtp_TestSystem.ItsBtp.
16:00:28.342716 Default with id 1 (altstep a_default) was deactivated.
16:00:28.342723 Default with id 2 (altstep a_utDefault) was deactivated.
16:00:28.342727 Port syncSendPort was stopped.
16:00:28.342733 Port syncPort was stopped.
16:00:28.342737 Port utPort was stopped.
16:00:28.342740 Port btpPort was stopped.
16:00:28.342742 Component type LibItsBtp_TestSystem.ItsBtp was shut down inside testcase TC_BTP_PGB_BV_02.
16:00:28.342748 Waiting for PTCs to finish.
16:00:28.343008 Setting final verdict of the test case.
16:00:28.343062 Local verdict of MTC: pass
16:00:28.343082 No PTCs were created.
16:00:28.343091 Test case TC_BTP_PGB_BV_02 finished. Verdict: pass
16:00:28.343107 Test case TC_BTP_PP_BV_01 started.
16:00:28.343112 Initializing variables, timers and ports of component type LibItsBtp_TestSystem.ItsBtp inside testcase TC_BTP_PP_BV_01.
16:00:28.343130 Port syncSendPort was started.
16:00:28.343135 Port syncPort was started.
16:00:28.343139 Port utPort was started.
16:00:28.343142 Port btpPort was started.
16:00:28.343144 Component type LibItsBtp_TestSystem.ItsBtp was initialized.
16:00:28.343151 Mapping port mtc:utPort to system:utPort.
16:00:28.343282 Port utPort was mapped to system:utPort.
16:00:28.343407 Map operation of mtc:utPort to system:utPort finished.
16:00:28.343438 Mapping port mtc:btpPort to system:btpPort.
16:00:28.343550 Port btpPort was mapped to system:btpPort.
16:00:28.343633 Map operation of mtc:btpPort to system:btpPort finished.
16:00:28.343653 Connecting ports mtc:syncSendPort and mtc:syncPort.
16:00:28.343788 Port syncPort has established the connection with local port syncSendPort.
16:00:28.343811 Port syncSendPort has established the connection with local port syncPort.
16:00:28.343918 Connect operation on mtc:syncSendPort and mtc:syncPort finished.
16:00:28.343954 Sent on utPort to system @LibItsBtp_TypesAndValues.UtBtpInitialize : { hashedId8 := '0000000000000000'O }
16:00:28.344162 Message enqueued on utPort from system @LibItsBtp_TypesAndValues.UtBtpResults : { utBtpInitializeResult := true } id 1
16:00:28.344177 Start timer tc_wait: 120 s
16:00:28.344193 Receive operation on port utPort succeeded, message from system(): @LibItsBtp_TypesAndValues.UtBtpResults : { utBtpInitializeResult := true } id 1
16:00:28.344198 Message with id 1 was extracted from the queue of utPort.
16:00:28.344202 Stop timer tc_wait: 120 s
16:00:28.344205 *** f_utInitializeIut: INFO: IUT initialized ***
16:00:28.344209 Altstep a_default was activated as default, id 1
16:00:28.344213 Altstep a_utDefault was activated as default, id 2
16:00:28.344217 **** f_selfSync: Successfully passed PREAMBLE synchronization point. ****
16:00:28.344240 Sent on btpPort to system @LibItsBtp_TypesAndValues.BtpReq : { msgOut := { header := { btpAHeader := { destinationPort := 2009, sourcePort := 1234 } }, payload := '0102030405'O } }
16:00:28.344475 Message enqueued on utPort from system @LibItsBtp_TypesAndValues.UtBtpEventInd : { rawPayload := '0102030405'O } id 2
16:00:28.344541 Start timer t: 10 s
16:00:28.344555 Receive operation on port utPort succeeded, message from system(): @LibItsBtp_TypesAndValues.UtBtpEventInd : { rawPayload := '0102030405'O } id 2
16:00:28.344560 Message with id 2 was extracted from the queue of utPort.
16:00:28.344564 Default with id 2 (altstep a_utDefault) has reached a break statement. Skipping current alt statement or receiving operation.
16:00:38.370519 Timeout t: 10 s
16:00:38.370748 *** TC_BTP_PP_BV_01: PASS: BTP was transmitted to upper layer***
16:00:38.370777 setverdict(pass): none -> pass
16:00:38.370898 **** f_selfSync: Successfully passed TEST BODY synchronization point. ****
16:00:38.370910 Unmapping port mtc:utPort from system:utPort.
16:00:38.371166 Port utPort was unmapped from system:utPort.
16:00:38.371494 Unmap operation of mtc:utPort from system:utPort finished.
16:00:38.371527 Unmapping port mtc:btpPort from system:btpPort.
16:00:38.371626 Port btpPort was unmapped from system:btpPort.
16:00:38.371696 Unmap operation of mtc:btpPort from system:btpPort finished.
16:00:38.371706 Disconnecting ports mtc:syncSendPort and mtc:syncPort.
16:00:38.371771 Port syncSendPort has terminated the connection with local port syncPort.
16:00:38.371779 Port syncPort has terminated the connection with local port syncSendPort.
16:00:38.371840 Disconnect operation on mtc:syncSendPort and mtc:syncPort finished.
16:00:38.371852 Terminating component type LibItsBtp_TestSystem.ItsBtp.
16:00:38.371862 Default with id 1 (altstep a_default) was deactivated.
16:00:38.371868 Default with id 2 (altstep a_utDefault) was deactivated.
16:00:38.371873 Port syncSendPort was stopped.
16:00:38.371880 Port syncPort was stopped.
16:00:38.371884 Port utPort was stopped.
16:00:38.371888 Port btpPort was stopped.
16:00:38.371892 Component type LibItsBtp_TestSystem.ItsBtp was shut down inside testcase TC_BTP_PP_BV_01.
16:00:38.371897 Waiting for PTCs to finish.
16:00:38.372048 Setting final verdict of the test case.
16:00:38.372199 Local verdict of MTC: pass
16:00:38.372340 No PTCs were created.
16:00:38.372359 Test case TC_BTP_PP_BV_01 finished. Verdict: pass
16:00:38.372372 Test case TC_BTP_PP_BV_02 started.
16:00:38.372377 Initializing variables, timers and ports of component type LibItsBtp_TestSystem.ItsBtp inside testcase TC_BTP_PP_BV_02.
16:00:38.372399 Port syncSendPort was started.
16:00:38.372404 Port syncPort was started.
16:00:38.372407 Port utPort was started.
16:00:38.372410 Port btpPort was started.
16:00:38.372413 Component type LibItsBtp_TestSystem.ItsBtp was initialized.
16:00:38.372419 Mapping port mtc:utPort to system:utPort.
16:00:38.372826 Port utPort was mapped to system:utPort.
16:00:38.372929 Map operation of mtc:utPort to system:utPort finished.
16:00:38.372939 Mapping port mtc:btpPort to system:btpPort.
16:00:38.373006 Port btpPort was mapped to system:btpPort.
16:00:38.373082 Map operation of mtc:btpPort to system:btpPort finished.
16:00:38.373090 Connecting ports mtc:syncSendPort and mtc:syncPort.
16:00:38.373155 Port syncPort has established the connection with local port syncSendPort.
16:00:38.373162 Port syncSendPort has established the connection with local port syncPort.
16:00:38.373221 Connect operation on mtc:syncSendPort and mtc:syncPort finished.
16:00:38.373237 Sent on utPort to system @LibItsBtp_TypesAndValues.UtBtpInitialize : { hashedId8 := '0000000000000000'O }
16:00:38.373385 Message enqueued on utPort from system @LibItsBtp_TypesAndValues.UtBtpResults : { utBtpInitializeResult := true } id 1
16:00:38.373395 Start timer tc_wait: 120 s
16:00:38.373408 Receive operation on port utPort succeeded, message from system(): @LibItsBtp_TypesAndValues.UtBtpResults : { utBtpInitializeResult := true } id 1
16:00:38.373414 Message with id 1 was extracted from the queue of utPort.
16:00:38.373419 Stop timer tc_wait: 120 s
16:00:38.373423 *** f_utInitializeIut: INFO: IUT initialized ***
16:00:38.373427 Altstep a_default was activated as default, id 1
16:00:38.373432 Altstep a_utDefault was activated as default, id 2
16:00:38.373436 **** f_selfSync: Successfully passed PREAMBLE synchronization point. ****
16:00:38.373458 Sent on btpPort to system @LibItsBtp_TypesAndValues.BtpReq : { msgOut := { header := { btpBHeader := { destinationPort := 2009, destinationPortInfo := 43981 } }, payload := '0102030405'O } }
16:00:38.373566 Message enqueued on utPort from system @LibItsBtp_TypesAndValues.UtBtpEventInd : { rawPayload := '0102030405'O } id 2
16:00:38.373575 Start timer t: 10 s
16:00:38.373584 Receive operation on port utPort succeeded, message from system(): @LibItsBtp_TypesAndValues.UtBtpEventInd : { rawPayload := '0102030405'O } id 2
16:00:38.373589 Message with id 2 was extracted from the queue of utPort.
16:00:38.373595 Default with id 2 (altstep a_utDefault) has reached a break statement. Skipping current alt statement or receiving operation.
16:00:48.382902 Timeout t: 10 s
16:00:48.383332 *** TC_BTP_PP_BV_02: PASS: BTP was transmitted to upper layer***
16:00:48.383369 setverdict(pass): none -> pass
16:00:48.383652 **** f_selfSync: Successfully passed TEST BODY synchronization point. ****
16:00:48.383681 Unmapping port mtc:utPort from system:utPort.
16:00:48.384603 Port utPort was unmapped from system:utPort.
16:00:48.385459 Unmap operation of mtc:utPort from system:utPort finished.
16:00:48.385567 Unmapping port mtc:btpPort from system:btpPort.
16:00:48.385987 Port btpPort was unmapped from system:btpPort.
16:00:48.386288 Unmap operation of mtc:btpPort from system:btpPort finished.
16:00:48.386385 Disconnecting ports mtc:syncSendPort and mtc:syncPort.
16:00:48.386553 Port syncSendPort has terminated the connection with local port syncPort.
16:00:48.386571 Port syncPort has terminated the connection with local port syncSendPort.
16:00:48.386690 Disconnect operation on mtc:syncSendPort and mtc:syncPort finished.
16:00:48.386711 Terminating component type LibItsBtp_TestSystem.ItsBtp.
16:00:48.386724 Default with id 1 (altstep a_default) was deactivated.
16:00:48.386735 Default with id 2 (altstep a_utDefault) was deactivated.
16:00:48.386741 Port syncSendPort was stopped.
16:00:48.386753 Port syncPort was stopped.
16:00:48.386760 Port utPort was stopped.
16:00:48.386767 Port btpPort was stopped.
16:00:48.386773 Component type LibItsBtp_TestSystem.ItsBtp was shut down inside testcase TC_BTP_PP_BV_02.
16:00:48.386781 Waiting for PTCs to finish.
16:00:48.387060 Setting final verdict of the test case.
16:00:48.387129 Local verdict of MTC: pass
16:00:48.387153 No PTCs were created.
16:00:48.387170 Test case TC_BTP_PP_BV_02 finished. Verdict: pass
16:00:48.387186 Execution of control part in module ItsBtp_TestControl finished.
16:00:48.388242 Verdict statistics: 0 none (0.00 %), 5 pass (100.00 %), 0 inconc (0.00 %), 0 fail (0.00 %), 0 error (0.00 %).
16:00:48.388354 Test execution summary: 5 test cases were executed. Overall verdict: pass
16:00:48.388374 Exit was requested from MC. Terminating MTC.
